// Vitest Snapshot v1, https://vitest.dev/guide/snapshot.html

exports[`mp > commonChunkPreflight case 3 1`] = `
"*, ::after, ::before { --tw-border-spacing-x: 0; --tw-border-spacing-y: 0; --tw-translate-x: 0; --tw-translate-y: 0; --tw-translate-z: 0; --tw-scale-x: 1; --tw-scale-y: 1; --tw-scale-z: 1; --tw-rotate-x: ; --tw-rotate-y: ; --tw-rotate-z: ; --tw-skew-x: ; --tw-skew-y: ; --tw-pan-x: ; --tw-pan-y: ; --tw-pinch-zoom: ; --tw-scroll-snap-strictness: proximity; --tw-space-x-reverse: 0; --tw-space-y-reverse: 0; --tw-border-style: solid; --tw-divide-x-reverse: 0; --tw-divide-y-reverse: 0; --tw-gradient-position: ; --tw-gradient-from: #0000; --tw-gradient-via: #0000; --tw-gradient-to: #0000; --tw-gradient-stops: ; --tw-gradient-via-stops: ; --tw-gradient-from-position: 0%; --tw-gradient-via-position: 50%; --tw-gradient-to-position: 100%; --tw-mask-linear: linear-gradient(#fff, #fff); --tw-mask-radial: linear-gradient(#fff, #fff); --tw-mask-conic: linear-gradient(#fff, #fff); --tw-mask-left: linear-gradient(#fff, #fff); --tw-mask-right: linear-gradient(#fff, #fff); --tw-mask-bottom: linear-gradient(#fff, #fff); --tw-mask-top: linear-gradient(#fff, #fff); --tw-mask-linear-position: 0deg; --tw-mask-linear-from-position: 0%; --tw-mask-linear-to-position: 100%; --tw-mask-linear-from-color: black; --tw-mask-linear-to-color: transparent; --tw-mask-radial-from-position: 0%; --tw-mask-radial-to-position: 100%; --tw-mask-radial-from-color: black; --tw-mask-radial-to-color: transparent; --tw-mask-radial-shape: ellipse; --tw-mask-radial-size: farthest-corner; --tw-mask-radial-position: center; --tw-mask-conic-position: 0deg; --tw-mask-conic-from-position: 0%; --tw-mask-conic-to-position: 100%; --tw-mask-conic-from-color: black; --tw-mask-conic-to-color: transparent; --tw-font-weight: ; --tw-blur: ; --tw-brightness: ; --tw-contrast: ; --tw-grayscale: ; --tw-hue-rotate: ; --tw-invert: ; --tw-opacity: ; --tw-saturate: ; --tw-sepia: ; --tw-drop-shadow: ; --tw-drop-shadow-color: ; --tw-drop-shadow-alpha: 100%; --tw-drop-shadow-size: ; --tw-backdrop-blur: ; --tw-backdrop-brightness: ; --tw-backdrop-contrast: ; --tw-backdrop-grayscale: ; --tw-backdrop-hue-rotate: ; --tw-backdrop-invert: ; --tw-backdrop-opacity: ; --tw-backdrop-saturate: ; --tw-backdrop-sepia: ; --tw-duration: ; --tw-ease: ; --tw-content: ""; --tw-contain-size: ; --tw-contain-layout: ; --tw-contain-paint: ; --tw-contain-style: ; --tw-leading: ; --tw-tracking: ; --tw-ordinal: ; --tw-slashed-zero: ; --tw-numeric-figure: ; --tw-numeric-spacing: ; --tw-numeric-fraction: ; --tw-outline-style: solid; --tw-text-shadow-color: ; --tw-text-shadow-alpha: 100%; --tw-shadow: 0 0 #0000; --tw-shadow-color: ; --tw-shadow-alpha: 100%; --tw-inset-shadow: 0 0 #0000; --tw-inset-shadow-color: ; --tw-inset-shadow-alpha: 100%; --tw-ring-color: ; --tw-ring-shadow: 0 0 #0000; --tw-inset-ring-color: ; --tw-inset-ring-shadow: 0 0 #0000; --tw-ring-inset: ; --tw-ring-offset-width: 0px; --tw-ring-offset-color: #fff; --tw-ring-offset-shadow: 0 0 #0000; --tw-mask-top-from-position: 0%; --tw-mask-top-to-position: 100%; --tw-mask-top-from-color: black; --tw-mask-top-to-color: transparent; --tw-mask-right-from-position: 0%; --tw-mask-right-to-position: 100%; --tw-mask-right-from-color: black; --tw-mask-right-to-color: transparent; --tw-mask-bottom-from-position: 0%; --tw-mask-bottom-to-position: 100%; --tw-mask-bottom-from-color: black; --tw-mask-bottom-to-color: transparent; --tw-mask-left-from-position: 0%; --tw-mask-left-to-position: 100%; --tw-mask-left-from-color: black; --tw-mask-left-to-color: transparent; }
::before,::after { --tw-content: ""; }
:root,:host { color: red; }"
`;
