// Vitest Snapshot v1, https://vitest.dev/guide/snapshot.html

exports[`uni-app > postcss 1`] = `
"/* #ifdef MP-WEIXIN */
.wx-color {
  color: aliceblue;
}

/* #endif */"
`;
