// Vitest Snapshot v1, https://vitest.dev/guide/snapshot.html

exports[`uni-appx > css > css 1`] = `
"/*! tailwindcss v4.1.4 | MIT License | https://tailwindcss.com */
page,:host {
  --spacing: .25rem;
}
.mt-_32d43rpx_ {
  margin-top: 32.43rpx;
}
.bg-_h322323_ {
  background-color: #322323;
}
.px-4 {
  padding-left: calc(var(--spacing) * 4);
  padding-right: calc(var(--spacing) * 4);
}
.text-_h844343_ {
  color: #844343;
}
"
`;
