// Vitest Snapshot v1, https://vitest.dev/guide/snapshot.html

exports[`evaluate > 0.js 1`] = `
"const a = 21;
const result = 8;
if (true) {
  console.log('This is true');
}"
`;

exports[`evaluate > 1.js 1`] = `
"const a = b + 1 + '1';
const result = 8;"
`;
