// Vitest Snapshot v1, https://vitest.dev/guide/snapshot.html

exports[`js-deep export > export case 0 1`] = `
"export const a = 'bg-_h123456_';

const b = 'bg-_h123456_';

const c = 'bg-_h123456_';

const d = 'bg-_h123456_';

export default d

export {
  b
}

export {
  c as xaxaxaxa,
}

export * from './shared2'"
`;

exports[`js-deep export > export case 1 1`] = `
"export const ddd = 'bg-_h123456_';

const a = 'bg-_h123456_';

export {
  a as default
}"
`;
